// Jest Snapshot v1, https://goo.gl/fbAQLP

exports[`should render ExpenseListItem correctly from fixture data 1`] = `
<div>
  <h3>
    <Link
      replace={false}
      to="edit/1"
    >
      Gum
    </Link>
  </h3>
  <p>
    Amount: 
    195
     - CreatedAt: 
  </p>
</div>
`;
